[www.utoronto.ca/index.html]
[www.utoronto.ca/apple-touch-icon.png]
[www.utoronto.ca/favicon-32x32.png]
[www.utoronto.ca/favicon-16x16.png]
[www.utoronto.ca/site.webmanifest]
[www.utoronto.ca/mstile-144x144.png]
[pro.fontawesome.com/releases/v5.15.4/css/all.css]
[backblue.gif]
[fade.gif]
[index.html]
[vjs.zencdn.net/7.19.2/video-js.css]
[www.utoronto.ca/sites/default/files/favicon_0.ico]
[maxcdn.bootstrapcdn.com/bootstrap/3.3.5/css/bootstrap.min.css]
[maxcdn.bootstrapcdn.com/font-awesome/4.7.0/css/font-awesome.min.css]
[cdnjs.cloudflare.com/ajax/libs/animate.css/3.5.1/animate.min.css]
[www.utoronto.ca/sites/default/files/css/css_xE-rWrJf-fncB6ztZfd2huxqgxu4WO-qwma6Xer30m4.css]
[www.utoronto.ca/sites/default/files/css/css_gitPAZQJm1rgu9jmXJTbOgZBmrifcCXvM1EcH0rHVv4.css]
[www.utoronto.ca/sites/default/files/css/css_QkfD9XKcCmC9kCAVef9BGxIBqNmAV-qGRGRyNaWdyG4.css]
[www.utoronto.ca/sites/default/files/css/css_qHan7Bm84-sKz49gTn-4vxKWVB0hiKFWW3qSvphaui8.css]
[www.utoronto.ca/sites/default/files/js/js_Xh8g0R8vdh5kalR60gtrsT0f0SYm-mL3rDvAJMaNnmo.js]
[www.utoronto.ca/sites/default/files/js/js_jGVQAd6ncss9ZunImQO9XQBCVZFe6O2Lq-U94LjxXGs.js]
[www.utoronto.ca/sites/default/files/js/js_JYweCdbwQOPHwJWRVqtP5OAUBAHpuLuVXOCCNlBcfKg.js]
[www.utoronto.ca/sites/default/files/js/js_BGKMnzA3P16D1gTagO9Jfwui5D_is6CnFnodK8LGwVI.js]
[www.utoronto.ca/sites/all/themes/uoft_stark/img/U-of-T-logo.png]
[www.utoronto.ca/news.html]
[www.utoronto.ca/about-u-of-t.html]
[www.utoronto.ca/academics.html]
[www.utoronto.ca/academics/programs-directory.html]
[www.utoronto.ca/research-innovation.html]
[www.utoronto.ca/university-life.html]
[www.utoronto.ca/libraries.html]
[www.utoronto.ca/a-to-z-directory.html]
[www.utoronto.ca/future-students.html]
[www.utoronto.ca/current-students.html]
[www.utoronto.ca/alumni.html]
[www.utoronto.ca/faculty-staff.html]
[www.utoronto.ca/visitors.html]
[www.utoronto.ca/donors.html]
[www.utoronto.ca/sites/default/files/media/banner/uoft-rogers-donation.jpg]
[www.utoronto.ca/news/90-million-gift-ted-rogers-centre-heart-research-marks-new-era-cardiac-health353e.html]
[www.utoronto.ca/directory/a-to-z/index.html]
[www.utoronto.ca/campus-status.html]
[www.utoronto.ca/sites/default/files/styles/large/public/banner-img-02bfbf.jpg]
[www.utoronto.ca/sites/default/files/styles/large/public/UTogether-dark-DIGITALb8fc.png]
[www.utoronto.ca/utogether.html]
[www.utoronto.ca/news/u-t-ranked-2nd-world-first-ever-qs-sustainability-ranking.html]
[www.utoronto.ca/sites/default/files/styles/home_page_news__555x196_17/public/Group_Wide-cropfb1a.jpg]
[www.utoronto.ca/news/90-million-gift-ted-rogers-centre-heart-research-marks-new-era-cardiac-health.html]
[www.utoronto.ca/news/it-s-ok-struggle-student-overcomes-injury-compete-wrestling-world-championships.html]
[www.utoronto.ca/events.html]
[www.utoronto.ca/sites/default/files/styles/large/public/BRN Speaker Series - William Paris2d41.jpg]
[www.utoronto.ca/content/upcoming-events-home.html]
[www.utoronto.ca/celebrates.html]
[www.utoronto.ca/celebrates/cheryl-regehr-recognized-women-distinction-award.html]
[www.utoronto.ca/sites/default/files/styles/large/public/media/Regehr_DrCheryl-Education-crop692b.jpg]
[www.utoronto.ca/celebrates/searchcb36.html]
[www.utoronto.ca/sites/default/files/UOT-ThreeLine-Blue_0_0_4_0.png]
[www.utoronto.ca/sites/default/files/health opener.jpg]
[www.utoronto.ca/sites/default/files/Defy_Gravity_KO.png]
[www.utoronto.ca/contacts.html]
[www.utoronto.ca/accessibility.html]
[www.utoronto.ca/privacy.html]
[www.utoronto.ca/site-feedback.html]
[www.utoronto.ca/sitemap.html]
[www.utoronto.ca/university-life/campuses/st-george.html]
[www.utoronto.ca/university-life/campuses/mississauga.html]
[www.utoronto.ca/university-life/campuses/scarborough.html]
[www.utoronto.ca/social-media-directory/all.html]
[www.utoronto.ca/sites/default/files/js/js_AeTbgXiVl2RekOO6RT3MHAbcEHshobeFvfpfA2N_LAc.js]
[maxcdn.bootstrapcdn.com/bootstrap/3.3.5/js/bootstrap.min.js]
[platform.twitter.com/widgets.js]
[www.utoronto.ca/index.html]
[www.utoronto.ca/safari-pinned-tab.svg]
[pro.fontawesome.com/releases/v5.15.4/css/all.css]
[vjs.zencdn.net/7.19.2/video-js.css]
[maxcdn.bootstrapcdn.com/bootstrap/3.3.5/css/bootstrap.min.css]
[maxcdn.bootstrapcdn.com/font-awesome/4.7.0/css/font-awesome.min.css]
[cdnjs.cloudflare.com/ajax/libs/animate.css/3.5.1/animate.min.css]
[www.utoronto.ca/sites/default/files/css/css_xE-rWrJf-fncB6ztZfd2huxqgxu4WO-qwma6Xer30m4.css]
[www.utoronto.ca/sites/default/files/css/css_gitPAZQJm1rgu9jmXJTbOgZBmrifcCXvM1EcH0rHVv4.css]
[www.utoronto.ca/sites/all/modules/CONTRIB/ctools/images/status-active.gif]
[www.utoronto.ca/sites/default/files/css/css_QkfD9XKcCmC9kCAVef9BGxIBqNmAV-qGRGRyNaWdyG4.css]
[fast.fonts.net/cssapi/1da576f8-355e-4fc2-b1b7-512db885b98e.css]
[www.utoronto.ca/sites/all/themes/uoft_stark/fonts/uoft-font89cd.eot]
[www.utoronto.ca/sites/all/themes/uoft_stark/fonts/uoft-fontd41d.eot]
[www.utoronto.ca/sites/all/themes/uoft_stark/fonts/uoft-font89cd.woff]
[www.utoronto.ca/sites/all/themes/uoft_stark/fonts/uoft-font89cd.ttf]
[www.utoronto.ca/sites/all/themes/uoft_stark/img/bg/bg-future-students-vid-row.png]
[www.utoronto.ca/sites/all/themes/uoft_stark/img/bg/bg-featuredAlum.jpg]
[www.utoronto.ca/sites/all/themes/uoft_stark/img/welcome-stripe.png]
[www.utoronto.ca/sites/default/files/2020_05_12_convocation-banner-raw.jpg]
[www.utoronto.ca/sites/all/themes/uoft_stark/img/flowers.png]
[www.utoronto.ca/sites/all/themes/uoft_stark/img/Fall_Leaves_1920.png]
[www.utoronto.ca/sites/all/themes/uoft_stark/img/pdf-icon.png]
[www.utoronto.ca/sites/default/files/band-dancing-dark-3.jpg]
[www.utoronto.ca/sites/all/themes/uoft_stark/img/home/b2s-students.jpg]
[www.utoronto.ca/sites/all/themes/uoft_stark/img/uoftworld/mosaic-darkblue-bg.png]
[www.utoronto.ca/sites/all/themes/uoft_stark/img/uoftworld/pagination-dark.jpg]
[www.utoronto.ca/sites/all/themes/uoft_stark/img/bg/desktop-sandwich.jpg]
[www.utoronto.ca/sites/all/themes/uoft_stark/img/bg/mobile-sandwich.jpg]
[www.utoronto.ca/sites/all/themes/uoft_stark/img/bg/entrepreneurs_website_background.jpg]
[www.utoronto.ca/sites/default/files/voe_background.jpg]
[www.utoronto.ca/sites/default/files/css/css_qHan7Bm84-sKz49gTn-4vxKWVB0hiKFWW3qSvphaui8.css]
[www.utoronto.ca/sites/default/files/css/css_1wb-XDh-sUiRLj_eVmq3FNTVKyjvG2dzmfNjqETlmFY.css]
[www.utoronto.ca/sites/default/files/js/js_dtD-DQJM9YTyc27Dzdji0WEp4yo0ymyVGbZg-Mrdcn4.js]
[www.utoronto.ca/news/topics.html]
[www.utoronto.ca/news/searchnews.html]
[www.utoronto.ca/bulletin.html]
[www.utoronto.ca/news/contact-us.html]
[www.utoronto.ca/news/good-you-better-planet-u-t-cyclists-pedal-toward-more-sustainable-future.html]
[www.utoronto.ca/sites/default/files/styles/adaptive_images/public/Beth-Austerberry-and-Walid-Maraqa-cropd568.jpg]
[www.utoronto.ca/news/everybody-problem-david-sinton-how-u-t-experts-can-help-canada-and-world-get-net-zero.html]
[www.utoronto.ca/sites/default/files/styles/adaptive_images/public/david-sinton-crop782b.jpg]
[www.utoronto.ca/news/road-ahead-raquel-urtasun-s-startup-unleash-full-power-ai-self-driving-cars.html]
[www.utoronto.ca/sites/default/files/styles/adaptive_images/public/Raquel_Urtasun_Portrait_horizontal copy6c48.jpg]
[www.utoronto.ca/news/how-slender-snake-robot-could-give-doctors-new-ways-save-lives.html]
[www.utoronto.ca/sites/default/files/styles/adaptive_images/public/JessicaBurgnerKahrs-crop2147.jpg]
[www.utoronto.ca/news/nanoparticles-show-promise-defeating-antibiotic-resistant-bacteria-u-t-researchers-find.html]
[www.utoronto.ca/sites/default/files/styles/adaptive_images/public/UofT22696_Ruby_Sullen-238ee6.jpg]
[www.utoronto.ca/sites/default/files/styles/750x500/public/Group_Wide-crop3219.jpg]
[www.utoronto.ca/sites/default/files/styles/750x500/public/Rogers-cropdfda.jpg]
[www.utoronto.ca/sites/default/files/styles/750x500/public/Kirti-Saxena-Spain-cropa413.jpg]
[www.utoronto.ca/news/u-t-receives-aa1-credit-rating-and-stable-outlook-moody-s.html]
[www.utoronto.ca/sites/default/files/styles/750x500/public/UofT90038_2022-10-17_UofT Fall stock_Polina Teif-54-lpr3f43.jpg]
[www.utoronto.ca/news/how-u-t-s-computer-science-dept-scrambled-give-students-ukraine-normal-summer.html]
[www.utoronto.ca/sites/default/files/styles/750x500/public/Ukraine-student-group_crop16f0.jpg]
[www.utoronto.ca/news/u-t-expands-support-trans-and-nonbinary-employees-10000-gender-affirmation-benefit.html]
[www.utoronto.ca/sites/default/files/styles/750x500/public/UofT90006_2022-10-17_UofT-Fall-stock_Polina-Teif-23-crop3ba2a.jpg]
[www.utoronto.ca/news/u-t-city-toronto-and-terry-fox-s-family-celebrate-mural-his-honour.html]
[www.utoronto.ca/sites/default/files/styles/750x500/public/0P8A7728-crop5fbb.jpg]
[www.utoronto.ca/news/access-justice-downtown-legal-services-u-t-s-community-legal-clinic-celebrates-50-years.html]
[www.utoronto.ca/sites/default/files/styles/750x500/public/IMG_6903edit-crop_09481.jpg]
[www.utoronto.ca/news/u-t-engineering-lab-partners-moderna-develop-rna-based-tools-treat-and-prevent-disease.html]
[www.utoronto.ca/sites/default/files/styles/750x500/public/OFK-Lab-Blue-Coats-cropd834.jpg]
[www.utoronto.ca/news/what-s-those-colours-sean-thomas-science-behind-year-s-fall-foliage.html]
[www.utoronto.ca/sites/default/files/styles/750x500/public/trees-orig-crop0776.jpg]
[www.utoronto.ca/news/activity-snacks-following-meals-may-help-maintain-muscle-mass-study.html]
[www.utoronto.ca/sites/default/files/styles/750x500/public/iStock-image-of-man-squatting-at-office-des-cropkddd7.jpg]
[www.utoronto.ca/news/doctor-palm-our-hands-brother-sister-duo-create-app-make-virtual-eye-care-possible-bangladesh.html]
[www.utoronto.ca/sites/default/files/styles/750x500/public/banner_11-crop7f26.jpg]
[www.utoronto.ca/news/u-t-entrepreneurship-partners-desjardins-startup-prize.html]
[www.utoronto.ca/sites/default/files/styles/750x500/public/GettyImages-1327494174-crop676c.jpg]
[www.utoronto.ca/news/address-iron-deficiency-africa-researcher-develops-fortified-version-popular-hibiscus-drink.html]
[www.utoronto.ca/sites/default/files/styles/750x500/public/Folake-Oyewole-beverage-1-cropcc81.jpg]
[www.utoronto.ca/news/national-climate-science-satellite-mission-co-led-u-t-secures-more-200-million.html]
[www.utoronto.ca/sites/default/files/styles/750x500/public/iss037e001276_orig-crop769e.jpg]
[www.utoronto.ca/news/study-finds-lethality-air-pollution-india-may-be-overestimated.html]
[www.utoronto.ca/sites/default/files/styles/750x500/public/GettyImages-110051026-crop05b6.jpg]
[www.utoronto.ca/news/researchers-shrink-brain-tumours-gold-nanoparticles-develop-mini-brains-study-psychiatric.html]
[www.utoronto.ca/sites/default/files/styles/750x500/public/GettyImages-1075411486-crop_0ca63.jpg]
[www.utoronto.ca/news/u-t-researcher-sheds-new-light-accusations-against-medieval-poet-chaucer-new-york-times.html]
[www.utoronto.ca/sites/default/files/styles/750x500/public/Geoffrey-Chaucer5dac.jpg]
[www.utoronto.ca/news/researcher-combines-ai-and-microelectronics-create-neural-implants-fight-brain-disorders.html]
[www.utoronto.ca/sites/default/files/styles/750x500/public/XilinLiu2-crop91b0.jpg]
[www.utoronto.ca/news/startup-lands-federal-contract-plant-one-million-trees-across-canada-using-drones.html]
[www.utoronto.ca/sites/default/files/styles/750x500/public/1-BryceJones-FlashForestfa29.jpg]
[www.utoronto.ca/news/scarborough-could-have-one-world-s-best-road-trail-systems-researchers-say.html]
[www.utoronto.ca/sites/default/files/styles/750x500/public/1-UTSC-trailsystems94a0.jpg]
[www.utoronto.ca/news/community-support-how-u-t-s-temerty-faculty-medicine-moving-dial-representation.html]
[www.utoronto.ca/sites/default/files/styles/750x500/public/1-Medicine-Representation860f.jpg]
[www.utoronto.ca/news/u-t-improve-how-campus-safety-services-respond-mental-health-crises-its-three-campuses.html]
[www.utoronto.ca/sites/default/files/styles/750x500/public/UofT86432_u-of-t-engineering_50514437827_o-lpr_0dd40.jpg]
[www.utoronto.ca/news/u-t-campus-used-living-laboratory-study-sustainable-last-mile-package-deliveries.html]
[www.utoronto.ca/sites/default/files/styles/750x500/public/1-PurolatorDropofff749.jpg]
[www.utoronto.ca/news/her-podcast-alexandra-lambropoulos-tells-stories-urban-innovation-africa-and-beyond.html]
[www.utoronto.ca/sites/default/files/styles/750x500/public/Alexandra-Lambropoulos150e.jpg]
[www.utoronto.ca/news/behind-scenes-black-research-network-u-t-groundbreakers-s2-ep2.html]
[www.utoronto.ca/news/u-t-launches-second-fall-winter-collection-ovo.html]
[www.utoronto.ca/sites/default/files/styles/750x500/public/OVOstoryffa3.jpg]
[www.utoronto.ca/news/u-t-ranked-18th-world-and-second-among-north-american-public-universities-times-higher.html]
[www.utoronto.ca/sites/default/files/styles/750x500/public/Robarts_001 weblead4f61.jpg]
[www.utoronto.ca/news/president-meric-gertler-future-global-research-collaboration-times-higher-education.html]
[www.utoronto.ca/sites/default/files/styles/750x500/public/UofT13287_20170720_PresidentMericGertler_004_0 (1)b2b8.jpg]
[www.utoronto.ca/news/study-finds-toothbrushing-key-preventing-pneumonia-icu-patients-leads-us-guideline-changes.html]
[www.utoronto.ca/sites/default/files/styles/750x500/public/ICU patient-pneumoniab95a.jpg]
[www.utoronto.ca/news/office-indigenous-initiatives-launched-u-t-mississauga.html]
[www.utoronto.ca/sites/default/files/styles/750x500/public/UTM_Tee_Dukeaf40.jpg]
[www.utoronto.ca/news/entire-country-fire-u-t-s-shahrzad-mojab-uprising-iran-following-mahsa-jina-amini-s-death.html]
[www.utoronto.ca/sites/default/files/styles/750x500/public/Student-Protest-for-Iran_Polina-Teif-Weblead-33b367.jpg]
[www.utoronto.ca/news/why-some-countries-lead-and-others-lag-race-clean-energy-study.html]
[www.utoronto.ca/sites/default/files/styles/750x500/public/GettyImages-solar&windcalifornia1140x760ddb7.jpg]
[www.utoronto.ca/news/students-pack-u-t-s-hart-house-discussion-democracy-margaret-atwood.html]
[www.utoronto.ca/sites/default/files/styles/750x500/public/087A6663-cropac4c.jpg]
[www.utoronto.ca/news.html]
[www.utoronto.ca/about-u-of-t/mission.html]
[www.utoronto.ca/about-u-of-t/quick-facts.html]
[www.utoronto.ca/about-u-of-t/reports-and-accountability.html]
[www.utoronto.ca/sites/default/files/tricampus-triptych.jpg]
[www.utoronto.ca/sites/default/files/city-building-720_0.jpg]
[www.utoronto.ca/sites/default/files/international-partnerships-720.jpg]
[www.utoronto.ca/sites/default/files/transformative-education-720.jpg]
[www.utoronto.ca/sites/default/files/mississauga_1.jpg]
[www.utoronto.ca/sites/default/files/stgeorge.jpg]
[www.utoronto.ca/sites/default/files/scarborough.jpg]
[www.utoronto.ca/sites/default/files/President.jpg]
[www.utoronto.ca/sites/default/files/styles/large/public/chancellor56c7.jpg]
[www.utoronto.ca/sites/default/files/regehr.jpg]
[www.utoronto.ca/sites/default/files/styles/large/public/gillespie-headshot26da.png]
[www.utoronto.ca/sites/default/files/styles/large/public/wisdom-web (1)_292d8.jpg]
[www.utoronto.ca/sites/default/files/palmer.jpg]
[www.utoronto.ca/sites/default/files/hannah-moffat-square.jpg]
[www.utoronto.ca/sites/default/files/styles/medium/public/Leah Cowen-crop_0daeb.jpg]
[www.utoronto.ca/sites/default/files/mabury.jpg]
[www.utoronto.ca/sites/default/files/styles/large/public/Joseph Wong - Headshot.png]
[www.utoronto.ca/sites/default/files/Andrew-Thomson-for-site.jpg]
[www.utoronto.ca/sites/default/files/enrolment-graphics-data-2021.png]
[www.utoronto.ca/about-u-of-t.html]
[www.utoronto.ca/academics/academic-units.html]
[www.utoronto.ca/sites/default/files/academics_ahmed-allahwalla.jpg]
[www.utoronto.ca/academics/index.html]
[www.utoronto.ca/news/maclean-s-lauds-u-t’s-reputation-and-research-and-innovation-annual-rankings]
[www.utoronto.ca/news/maclean-s-lauds-u-t-s-reputation-and-research-and-innovation-annual-rankings.html]
[www.utoronto.ca/sites/default/files/styles/adaptive_images/public/Group_Wide-crop5805.jpg]
[www.utoronto.ca/sites/default/files/styles/adaptive_images/public/Robarts_001 weblead2a13.jpg]
[www.utoronto.ca/news/u-t-ranked-among-world-s-top-universities-shanghairanking-consultancy.html]
[www.utoronto.ca/sites/default/files/styles/adaptive_images/public/shanghai27b84.jpg]
[www.utoronto.ca/sites/default/files/students-in-hallway-3.jpg]
[www.utoronto.ca/news/great-feeling-fred-vanvleet-scholarship-recipient-abdullahi-hassan-sits-down-vanvleet-cbc.html]
[www.utoronto.ca/sites/default/files/styles/adaptive_images/public/TRIS3005-cropbe36.jpg]
[www.utoronto.ca/news/air-pollution-indigenous-storytelling-new-courses-u-t-mississauga.html]
[www.utoronto.ca/sites/default/files/styles/adaptive_images/public/WEBGettyImages-1653102339ffe.jpg]
[www.utoronto.ca/academics.html]
[www.utoronto.ca/sites/default/files/js/js_LZvmEzGG9UKG4wFyiNYN828w5SbTU2t19IaVeoxl8TQ.js]
[www.utoronto.ca/academics/programs-directory2679.html]
[www.utoronto.ca/academics/programs-directory4658.html]
[www.utoronto.ca/academics/programs-directory9ba9.html]
[www.utoronto.ca/academics/programs-directoryfdb0.html]
[www.utoronto.ca/academics/programs-directoryaf4d.html]
[www.utoronto.ca/academics/programs-directoryc575.html]
[www.utoronto.ca/academics/programs-directory.html]
[www.utoronto.ca/academics/programs-directory42a7.html]
[www.utoronto.ca/sites/default/files/css/css_Kz95P6LsbZCmMDlRYDG6MHDqG77KEZ6Cm8GEcy4h8Bs.css]
[www.utoronto.ca/sites/default/files/collision-2022.jpg]
[www.utoronto.ca/research-innovation/animals.html]
[www.utoronto.ca/sites/default/files/styles/adaptive_images/public/Rogers-crop4e94.jpg]
[www.utoronto.ca/sites/default/files/styles/adaptive_images/public/0P8A7728-crope71c.jpg]
[www.utoronto.ca/research-innovation.html]
[www.utoronto.ca/university-life/campuses.html]
[www.utoronto.ca/university-life/campuses/downtown-toronto]
[www.utoronto.ca/sites/default/files/university-life-cover-2.jpg]
[www.utoronto.ca/sites/default/files/ideas-to-life.jpg]
[www.utoronto.ca/sites/default/files/arrow left.jpg]
[www.utoronto.ca/sites/default/files/arrow right.jpg]
[www.utoronto.ca/sites/default/files/after-class.jpg]
[www.utoronto.ca/sites/default/files/libraries-thumb-2.jpg]
[www.utoronto.ca/sites/default/files/blues-fans-2.jpg]
[www.utoronto.ca/sites/default/files/creative-hubs-thumb-2.jpg]
[www.utoronto.ca/sites/default/files/shauna-brail.jpg]
[www.utoronto.ca/news/how-urban-studies-led-way-community-engagement-service-learning-undergrads.html]
[www.utoronto.ca/sites/default/files/CCP_group.jpg]
[www.utoronto.ca/university-life.html]
[www.utoronto.ca/sites/default/files/utl-banner_0.jpg]
[www.utoronto.ca/sites/default/files/stgeorge-libraries.jpg]
[www.utoronto.ca/sites/default/files/utm-library.jpg]
[www.utoronto.ca/sites/default/files/utsc-library.jpg]
[www.utoronto.ca/libraries.html]
[www.utoronto.ca/sites/default/files/css/css_rqhqLbfpwCaxgjj0rwTqM_VV7W4s3aR80dmdRuMKivA.css]
[www.utoronto.ca/sites/default/files/js/js_nFrRn86IbJcDBs8_A5L_zg3_xHJFd8J6mQfI5KkOAgo.js]
[www.utoronto.ca/a-to-z-directorye4c0.html]
[www.utoronto.ca/a-to-z-directory628d.html]
[www.utoronto.ca/a-to-z-directory3ceb.html]
[www.utoronto.ca/a-to-z-directory9584.html]
[www.utoronto.ca/a-to-z-directory51af.html]
[www.utoronto.ca/a-to-z-directory4f20.html]
[www.utoronto.ca/a-to-z-directory15b8.html]
[www.utoronto.ca/a-to-z-directory9149.html]
[www.utoronto.ca/a-to-z-directory3eec.html]
[www.utoronto.ca/a-to-z-directorybe53.html]
[www.utoronto.ca/a-to-z-directory5bbc.html]
[www.utoronto.ca/a-to-z-directorye09a.html]
[www.utoronto.ca/a-to-z-directory358f.html]
[www.utoronto.ca/a-to-z-directory4a10.html]
[www.utoronto.ca/a-to-z-directory22be.html]
[www.utoronto.ca/a-to-z-directory66c5.html]
[www.utoronto.ca/a-to-z-directory9b7a.html]
[www.utoronto.ca/a-to-z-directory5372.html]
[www.utoronto.ca/a-to-z-directory67ab.html]
[www.utoronto.ca/a-to-z-directory43bb.html]
[www.utoronto.ca/a-to-z-directoryb183.html]
[www.utoronto.ca/a-to-z-directory8a72.html]
[www.utoronto.ca/a-to-z-directory9b71.html]
[www.utoronto.ca/contacts.htm]
[www.utoronto.ca/a-to-z-directory.html]
[www.utoronto.ca/social-media-directory.html]
[www.utoronto.ca/sites/default/files/css/css_bHhg1MYqEESQouown5YPpofoZaBNvqVs1w5oPtVt9TQ.css]
[www.utoronto.ca/sites/default/files/04-04-2017-Future-Students2_0.jpg]
[www.utoronto.ca/academics/programs-directorye994.html]
[www.utoronto.ca/academics/programs-directory98b4.html]
[www.utoronto.ca/sites/default/files/vishal-dubai.jpg]
[www.utoronto.ca/news/historic-75-million-gift-orlando-corporation-will-strengthen-health-care-and-health-education.html]
[www.utoronto.ca/sites/default/files/styles/adaptive_images/public/UTC_collage_1140x760_1c28fa.jpg]
[www.utoronto.ca/future-students.html]
[www.utoronto.ca/sites/default/files/vb-fans-audiencebanner-1640x600-2.jpg]
[www.utoronto.ca/sites/default/files/temitope-sq.jpg]
[www.utoronto.ca/convocation.html]
[www.utoronto.ca/sites/default/files/styles/adaptive_images/public/Beekeeper-club_00100.jpg]
[www.utoronto.ca/sites/default/files/styles/adaptive_images/public/Kirti-Saxena-Spain-cropdc04.jpg]
[www.utoronto.ca/sites/default/files/styles/adaptive_images/public/UofT90038_2022-10-17_UofT Fall stock_Polina Teif-54-lprfccd.jpg]
[www.utoronto.ca/sites/default/files/styles/adaptive_images/public/Ukraine-student-group_crop4cff.jpg]
[www.utoronto.ca/current-students.html]
[www.utoronto.ca/sites/default/files/css/css_nUNbACeg2ovqLHVaF9X-98XLUvxbZi1KigxAFOR83f4.css]
[www.utoronto.ca/sites/default/files/Alumni_Page_Banner_Image_4.jpg]
[www.utoronto.ca/sites/default/files/styles/adaptive_images/public/IMG_6903edit-crop_00d62.jpg]
[www.utoronto.ca/sites/default/files/styles/adaptive_images/public/banner_11-cropd76e.jpg]
[www.utoronto.ca/sites/default/files/styles/adaptive_images/public/087A6663-crop4773.jpg]
[adcomms.utoronto.ca/email-templates/alr/2014/UofT_WeChat_QR_Code_8107.jpg]
[www.utoronto.ca/alumni.html]
[www.utoronto.ca/sites/default/files/css/css_4UwXMjkdnlLOkrdd_sxJZyhcbIU_ix17Xh7VDR7NMaQ.css]
[www.utoronto.ca/sites/default/files/faculty-staff.png]
[www.utoronto.ca/sites/default/files/styles/large/public/undraw_interview_rmcff0e9.png]
[www.utoronto.ca/sites/default/files/styles/large/public/graphic_013818.png]
[www.utoronto.ca/sites/default/files/styles/adaptive_images/public/UofT90006_2022-10-17_UofT-Fall-stock_Polina-Teif-23-crop32949.jpg]
[www.utoronto.ca/sites/default/files/styles/large/public/canadas-top-employers9ca8.png]
[www.utoronto.ca/sites/default/files/styles/large/public/diversity-employers2963.png]
[www.utoronto.ca/sites/default/files/styles/large/public/family-friendly-employers8049.png]
[www.utoronto.ca/sites/default/files/styles/large/public/greenest-employers5d90.png]
[www.utoronto.ca/sites/default/files/styles/large/public/GTA-employersb98f.png]
[www.utoronto.ca/sites/default/files/styles/large/public/over-40-employersc80a.png]
[www.utoronto.ca/faculty-staff.html]
[www.utoronto.ca/sites/default/files/uoft-clubs-day.jpg]
[www.utoronto.ca/sites/default/files/Gertler-CityHall-PanAm.jpg]
[www.utoronto.ca/news/topics/global-lens.html]
[www.utoronto.ca/sites/default/files/international-student-research.jpg]
[www.utoronto.ca/sites/default/files/convo-banner.jpg]
[www.utoronto.ca/visitors.html]
[www.utoronto.ca/sites/default/files/cover-donors-friends_0.jpg]
[www.utoronto.ca/sites/default/files/styles/medium/public/Sandford_Fleming_Building846a.jpg]
[www.utoronto.ca/donors.html]
[www.utoronto.ca/directory/a-to-z/index.html]
[www.utoronto.ca/sites/default/files/Rogers-crop0ccb.jpg]
[www.utoronto.ca/sites/default/files/css/css_LA9E4YQo3uZiLTf_hLIxcVpeL0ZX78KYG_Q0lYp_Zhs.css]
[www.utoronto.ca/sites/default/files/Rogers-crop.jpg]
[www.utoronto.ca/news/give-back-any-way-you-can-says-philanthropist-and-u-t-honorary-degree-recipient-loretta-rogers.html]
[www.utoronto.ca/news/authors-reporters/advancement-staff.html]
[www.utoronto.ca/news/topics/our-community.html]
[www.utoronto.ca/news/tags/hospital-sick-children.html]
[www.utoronto.ca/news/tags/meric-gertler.html]
[www.utoronto.ca/news/tags/research-innovation.html]
[www.utoronto.ca/news/tags/ted-rogers-centre-heart-research.html]
[www.utoronto.ca/news/tags/university-health-network.html]
[www.utoronto.ca/sites/default/files/styles/medium/public/Group_Wide-crop9a05.jpg]
[www.utoronto.ca/sites/default/files/styles/medium/public/Kirti-Saxena-Spain-crop059a.jpg]
[www.utoronto.ca/sites/default/files/styles/medium/public/media/pen-vanderlinde-crop5c67.jpg]
[www.utoronto.ca/celebrates/chime-radio-telescope-collaboration-wins-brockhouse-canada-prize.html]
[www.utoronto.ca/sites/default/files/styles/large/public/Group_Wide-crop409e.jpg]
[www.utoronto.ca/sites/default/files/styles/large/public/Kirti-Saxena-Spain-crop6490.jpg]
[www.utoronto.ca/sites/default/files/styles/large/public/UofT90038_2022-10-17_UofT Fall stock_Polina Teif-54-lpr2e08.jpg]
[www.utoronto.ca/news/90-million-gift-ted-rogers-centre-heart-research-marks-new-era-cardiac-health353e.html]
[www.utoronto.ca/utogether/covid-19-planning-update.html]
[www.utoronto.ca/alerts.html]
[www.utoronto.ca/campus-status.html]
[www.utoronto.ca/sites/default/files/styles/large/public/UTogether-meta-image.png]
[www.utoronto.ca/sites/default/files/css/css_LQEovHUZa8FPacAusfdQhCHielLMyeBPHEEoiH6GleI.css]
[www.utoronto.ca/sites/default/files/banner-img-01.jpg]
[www.utoronto.ca/sites/default/files/banner-img-02.jpg]
[www.utoronto.ca/sites/default/files/banner-img-03.jpg]
[www.utoronto.ca/sites/default/files/banner-img-04.jpg]
[www.utoronto.ca/sites/default/files/UTogether-dark-DIGITAL.png]
[www.utoronto.ca/sites/default/files/UTogether-light-DIGITAL.png]
[www.utoronto.ca/utogether/resources-for-students.html]
[www.utoronto.ca/sites/default/files/styles/large/public/UofT17908_UofT_interior_web-135a08a.jpg]
[www.utoronto.ca/utogether/resources-for-faculty-staff-librarians.html]
[www.utoronto.ca/sites/default/files/styles/large/public/UofT6528_20140923_ThembelaKepe_169-scr1849.jpg]
[www.utoronto.ca/utogether/information-by-faculty.html]
[www.utoronto.ca/sites/default/files/styles/large/public/UofT85132_20190612_SidneySmithHall_2562-lprda52.jpg]
[www.utoronto.ca/utogether/places-and-spaces.html]
[www.utoronto.ca/utogether/ucheck.html]
[www.utoronto.ca/utogether/vaccines.html]
[www.utoronto.ca/utogether/safe-environment.html]
[www.utoronto.ca/utogether/masks.html]
[www.utoronto.ca/news/cheers-clubs-and-first-day-class-students-kick-fall-term-across-u-t-s-three-campuses.html]
[www.utoronto.ca/sites/default/files/styles/adaptive_images/public/2022-09-12-Cheer-Off-(5)-crop_0f3fd.jpg]
[www.utoronto.ca/news/courses-clubs-and-committees-how-get-involved-sustainability-u-t.html]
[www.utoronto.ca/sites/default/files/styles/adaptive_images/public/UofT88694_0U1A1809-crop38f5.jpg]
[www.utoronto.ca/news/it-s-ok-ask-questions-four-tips-new-and-returning-u-t-students.html]
[www.utoronto.ca/sites/default/files/styles/adaptive_images/public/0W7A1485-crop5c84.jpg]
[www.utoronto.ca/news/tags/utogether.html]
[www.utoronto.ca/sites/default/files/styles/large/public/UTM-map84da.png]
[www.utoronto.ca/sites/default/files/styles/large/public/UTSG-map8b6b.png]
[www.utoronto.ca/sites/default/files/styles/large/public/UTSC-map1caf.png]
[www.utoronto.ca/utogether.html]
[www.utoronto.ca/sites/default/files/Group_Wide-crop6105.jpg]
[www.utoronto.ca/sites/default/files/Group_Wide-crop.jpg]
[www.utoronto.ca/news/u-t-divest-fossil-fuel-investments-create-climate-positive-campus.html]
[www.utoronto.ca/news/u-t-s-proposed-geoexchange-project-front-campus-one-urban-canada-s-largest.html]
[www.utoronto.ca/news/authors-reporters/rahul-kalvapalle.html]
[www.utoronto.ca/news/tags/geoexchange.html]
[www.utoronto.ca/news/tags/munk-school-global-affairs-public-policy-0.html]
[www.utoronto.ca/news/tags/climate-change.html]
[www.utoronto.ca/news/tags/faculty-arts-science-0.html]
[www.utoronto.ca/news/tags/global.html]
[www.utoronto.ca/news/tags/landmark.html]
[www.utoronto.ca/news/tags/rankings.html]
[www.utoronto.ca/news/tags/school-environment.html]
[www.utoronto.ca/news/tags/sustainabilty.html]
[www.utoronto.ca/sites/default/files/styles/medium/public/Rogers-cropfb8b.jpg]
[www.utoronto.ca/sites/default/files/styles/large/public/Rogers-crop303d.jpg]
[www.utoronto.ca/news/u-t-ranked-2nd-world-first-ever-qs-sustainability-ranking.html]
[www.utoronto.ca/news/90-million-gift-ted-rogers-centre-heart-research-marks-new-era-cardiac-health.html]
[www.utoronto.ca/sites/default/files/Kirti-Saxena-Spain-crop9098.jpg]
[www.utoronto.ca/sites/default/files/Kirti-Saxena-Spain-crop.jpg]
[www.utoronto.ca/sites/default/files/Kirti Saxena portrait.jpg]
[www.utoronto.ca/news/authors-reporters/lynsey-mellon.html]
[www.utoronto.ca/news/it-s-ok-struggle-student-overcomes-injury-compete-wrestling-world-championships.html]
[www.utoronto.ca/news/tags/faculty-applied-science-engineering.html]
[www.utoronto.ca/sites/default/files/events-banner.jpg]
[www.utoronto.ca/events.html]
[www.utoronto.ca/content/upcoming-events-home.html]
[www.utoronto.ca/events1c86.html]
[www.utoronto.ca/sites/default/files/styles/large/public/hero_highlight.jpg]
[www.utoronto.ca/celebrates/about.html]
[www.utoronto.ca/celebrates/contact.html]
[www.utoronto.ca/celebrates/rose-patten-appointed-honorary-colonel-canadian-forces-college.html]
[www.utoronto.ca/sites/default/files/styles/award_hero/public/media/UofT15858_085A5964-crop10e3.jpg]
[www.utoronto.ca/celebrates.html]
[www.utoronto.ca/celebrates/searchddc3.html]
[www.utoronto.ca/sites/default/files/media/Regehr_DrCheryl-Education-cropbbe1.jpg]
[www.utoronto.ca/sites/default/files/styles/award_hero/public/media/Regehr_DrCheryl-Education-cropd8fc.jpg]
[www.utoronto.ca/celebrates/searchc19f.html]
[www.utoronto.ca/celebrates/awards-tags/factor-inwentash-faculty-social-work.html]
[www.utoronto.ca/celebrates/ron-saporta-receives-clean50-clean16-awards.html]
[www.utoronto.ca/sites/default/files/styles/award_hero/public/media/Clean16&50Award-RonSaporta2a08.jpg]
[www.utoronto.ca/celebrates/chido-muchemwa-wins-bridge-prize-short-story.html]
[www.utoronto.ca/sites/default/files/styles/award_hero/public/media/BridgePrize-Chido-Muchemwa-crop8efa.jpg]
[www.utoronto.ca/celebrates/raphaelle-gauriau-named-one-canada-s-top-women-cybersecurity.html]
[www.utoronto.ca/sites/default/files/styles/award_hero/public/media/Raphaelle-Gauriau-Manager-Information-Systems-Security-_-SciNet-HPC-Consortium5279.jpg]
[www.utoronto.ca/celebrates/cheryl-regehr-recognized-women-distinction-award.html]
[www.utoronto.ca/celebrates/searchcb36.html]
[www.utoronto.ca/sites/all/themes/uoft_stark/img/UofT_Centered.svg]
[www.utoronto.ca/celebrates/search.html]
[www.utoronto.ca/sites/default/files/css/css_zcBe_0HOKAALehnorOkqLrGAtupXFjn6telMK1OFLzc.css]
[www.utoronto.ca/contacts.html]
[www.utoronto.ca/accessibility.html]
[www.utoronto.ca/privacy.html]
[www.utoronto.ca/sites/default/files/css/css_PhfcQQMgNbtZHTYPPFOkmAjvFhExbD4wdm5xt1YxmJo.css]
[www.utoronto.ca/site-feedback.html]
[www.utoronto.ca/sites/default/files/js/js_r9lttCeJNk_T5oQK_9EBQljVEOYSNMiA3N3SKbpEpT4.js]
[www.utoronto.ca/sites/default/files/css/css_9T2cyqNs6Mk8nmT0pOI-4jyDHjBYpk6lw-Q8mkQl1lU.css]
[www.utoronto.ca/news/find-a-story.html]
[www.utoronto.ca/university-life/campuses/downtown-toronto]
[www.utoronto.ca/sitemap.html]
[www.utoronto.ca/university-life/campuses/downtown-toronto]
[www.utoronto.ca/sites/default/files/stgeorge-campus-cover.jpg]
[www.utoronto.ca/sites/default/files/landmark.jpg]
[www.utoronto.ca/sites/default/files/Robarts_studnets.jpg]
[www.utoronto.ca/sites/default/files/hart-house-quad.jpg]
[www.utoronto.ca/university-life/campuses/st-george.html]
[www.utoronto.ca/sites/default/files/css/css_4ryseYaMk5fKhPVqVec6nzNafYj6p1mby0S3_ArAFI8.css]
[www.utoronto.ca/university-life/campuses/downtown-toronto]
[www.utoronto.ca/sites/default/files/cover-utm-hazel-mccallion-bldg.jpg]
[www.utoronto.ca/university-life/campuses/mississauga.html]
[www.utoronto.ca/sites/default/files/css/css_4X6ZI1bj4I7fnJtrjlg2oK84y5VL34OzmLl1L53tdDo.css]
[www.utoronto.ca/university-life/campuses/downtown-toronto]
[www.utoronto.ca/sites/default/files/cover-campus-utsc.jpg]
[www.utoronto.ca/university-life/campuses/scarborough.html]
[www.utoronto.ca/social-media-directory/campuses.html]
[www.utoronto.ca/social-media-directory/faculties.html]
[www.utoronto.ca/social-media-directory/libraries.html]
[www.utoronto.ca/social-media-directory/form.html]
[www.utoronto.ca/social-media-directory/all2679.html]
[www.utoronto.ca/social-media-directory/all4658.html]
[www.utoronto.ca/social-media-directory/all9ba9.html]
[www.utoronto.ca/social-media-directory/allfdb0.html]
[www.utoronto.ca/social-media-directory/allaf4d.html]
[www.utoronto.ca/social-media-directory/allc575.html]
[www.utoronto.ca/social-media-directory/all235c.html]
[www.utoronto.ca/social-media-directory/allfdfa.html]
[www.utoronto.ca/social-media-directory/all1d82.html]
[www.utoronto.ca/social-media-directory/all.html]
[fast.fonts.net/cssapi/1da576f8-355e-4fc2-b1b7-512db885b98e.css]
[www.utoronto.ca/sites/all/themes/uoft_stark/fonts/uoft-font89cd.svg]
[www.utoronto.ca/sites/all/themes/uoft_stark/img/icons/icon-arrow-right.svg]
[www.utoronto.ca/sites/all/themes/uoft_stark/img/uoftworld/circle-arrow.svg]
[www.utoronto.ca/sites/all/themes/uoft_stark/img/icons/drop-down-field-arrow-2.svg]
[www.utoronto.ca/sites/all/themes/uoft_stark/img/icons/icon-arrow-down.svg]
[www.utoronto.ca/sites/all/themes/uoft_stark/img/icons/icon-x.svg]
[www.utoronto.ca/sites/default/files/css/css_1wb-XDh-sUiRLj_eVmq3FNTVKyjvG2dzmfNjqETlmFY.css]
[www.utoronto.ca/sites/default/files/iStock-image-of-man-squatting-at-office-des-cropk.jpg]
[www.utoronto.ca/sites/default/files/GettyImages-110051026-crop.jpg]
[www.utoronto.ca/news/topics/breaking-research.html]
[www.utoronto.ca/sites/default/files/0P8A7728-crop.jpg]
[www.utoronto.ca/sites/default/files/Beth-Austerberry-and-Walid-Maraqa-crop.jpg]
[www.utoronto.ca/news/topics/city-culture.html]
[www.utoronto.ca/sites/default/files/Ukraine-student-group_crop.jpg]
[www.utoronto.ca/news/researchers-discover-tiny-500-million-year-old-predecessor-scorpions-and-spiders.html]
[www.utoronto.ca/sites/default/files/Image-resized---RL.jpg]
[www.utoronto.ca/news/deni-kasa-explores-religious-origins-liberalism-tel-aviv-university.html]
[www.utoronto.ca/sites/default/files/2017-10-19-kasa-resized-with-label.jpg]
[www.utoronto.ca/news/topics/remember-this-name.html]
[www.utoronto.ca/news/u-t-president-emeritus-david-naylor-calls-continued-support-science-university-affairs.html]
[www.utoronto.ca/sites/default/files/naylor-lead_0.jpg]
[www.utoronto.ca/news/basic-research-root-innovation-canada-u-t-s-molly-shoichet.html]
[www.utoronto.ca/sites/default/files/2018-09-14-Molly-Shoichet-economic-club-(weblead).jpg]
[www.utoronto.ca/news/topics.html]
[www.utoronto.ca/news/topics/naylor-report.html]
[www.utoronto.ca/sites/default/files/css/css_Yj2MFhOCm4CtHuzboEeWvnOb6WtysWE0p8mvNWOtoIs.css]
[www.utoronto.ca/sites/default/files/css/css_3DN2tWjEn9u7LpJLSVN8k1h_Ke0_LIAI7a3XXiFO5Zk.css]
[www.utoronto.ca/sites/default/files/js/js_2jzGYx06a1cjkoQb3owxXnOS7Tv46KUaI-JBup_9c5I.js]
[www.utoronto.ca/sites/default/files/js/js_x7kus81XL0rTWcfF2V-L6TURO34sbK_XL3yBhb4emp0.js]
[www.utoronto.ca/news/tags/university-toronto-asset-management-corp.html]
[www.utoronto.ca/news/tags/governing-council.html]
[www.utoronto.ca/news/tags/computer-science.html]
[www.utoronto.ca/news/tags/ukraine.html]
[www.utoronto.ca/news/tags/vector-institute.html]
[www.utoronto.ca/news/tags/sexual-gender-diversity-office.html]
[www.utoronto.ca/news/tags/staff.html]
[www.utoronto.ca/news/tags/temerty-faculty-medicine.html]
[www.utoronto.ca/news/tags/toronto-rehabilitation-institute.html]
[www.utoronto.ca/news/tags/cancer.html]
[www.utoronto.ca/news/tags/cities.html]
[www.utoronto.ca/news/tags/downtown-legal-services.html]
[www.utoronto.ca/news/tags/alumni.html]
[www.utoronto.ca/news/tags/faculty-law.html]
[www.utoronto.ca/sites/default/files/styles/adaptive_images/public/OFK-Lab-Blue-Coats-cropc574.jpg]
[www.utoronto.ca/news/tags/institute-biomedical-engineering.html]
[www.utoronto.ca/sites/default/files/styles/adaptive_images/public/trees-orig-crop408f.jpg]
[www.utoronto.ca/news/tags/fall-colours.html]
[www.utoronto.ca/news/tags/forestry.html]
[www.utoronto.ca/news/tags/john-h-daniels-faculty-architecture.html]
[www.utoronto.ca/news/searchnews2679.html]
[www.utoronto.ca/news/searchnews4658.html]
[www.utoronto.ca/news/searchnews9ba9.html]
[www.utoronto.ca/news/searchnewsfdb0.html]
[www.utoronto.ca/news/searchnewsaf4d.html]
[www.utoronto.ca/news/searchnewsc575.html]
[www.utoronto.ca/news/searchnews235c.html]
[www.utoronto.ca/news/searchnewsfdfa.html]
[www.utoronto.ca/news/searchnews.html]
[www.utoronto.ca/news/searchnews8bab.html]
[www.utoronto.ca/sites/default/files/css/css_hQnkQLk_Ly0cP43aEFRqGnaxR5xzc65UMz_MmpmNgdE.css]
[www.utoronto.ca/sites/default/files/js/js_D195GfJpEQG_zCbTrv1dhK2Nj3MDUjGTrgAcVvkJ8gU.js]
[www.utoronto.ca/bulletin/faq.html]
[www.utoronto.ca/sites/default/files/schoolofcities-UofT.jpg]
[www.utoronto.ca/sites/default/files/styles/bulletinhome600x400/public/UofT185_20060611_AlumniGates_003-lpre28e.jpg]
[www.utoronto.ca/sites/default/files/styles/bulletinhome600x400/public/orep-lead-2f807.jpg]
[www.utoronto.ca/sites/default/files/styles/bulletinhome600x400/public/Steve-Sheila-head8290.jpg]
[www.utoronto.ca/sites/default/files/styles/bulletinhome600x400/public/UofT86454_u-of-t-engineering_50091504116_o-lpr_15016.jpg]
[www.utoronto.ca/sites/default/files/styles/bulletinhome600x400/public/CASE-header8ad5.jpg]
[www.utoronto.ca/sites/default/files/styles/bulletinhome600x400/public/0304AccessConnections0014c5e.jpg]
[www.utoronto.ca/sites/default/files/styles/bulletinhome600x400/public/faculty-trio0fb2.jpg]
[www.utoronto.ca/sites/default/files/styles/bulletinhome600x400/public/Chestnut-chefscd5c.jpg]
[www.utoronto.ca/sites/default/files/styles/bulletinhome600x400/public/UofT85150_20190524_RobartsLibrary_2125-lpraaf5.jpg]
[www.utoronto.ca/sites/default/files/styles/bulletinhome600x400/public/UofT85478_0507MississaugaStaff011-scracea.jpg]
[www.utoronto.ca/sites/default/files/styles/bulletinhome600x400/public/jon_french_portrait2651.jpg]
[www.utoronto.ca/sites/default/files/styles/bulletinhome600x400/public/20200415_1245546636.jpg]
[www.utoronto.ca/bulletin2679.html]
[www.utoronto.ca/bulletin4658.html]
[www.utoronto.ca/bulletin9ba9.html]
[www.utoronto.ca/bulletinfdb0.html]
[www.utoronto.ca/bulletinaf4d.html]
[www.utoronto.ca/bulletin.html]
[www.utoronto.ca/bulletinc575.html]
[www.utoronto.ca/sites/default/files/css/css_tmdqRCjuCPwL5HUylk_yvdanQnzFGY9KqYktsF6ThuQ.css]
[www.utoronto.ca/sites/default/files/js/js_H7q2xORKmR9AN8Qx5spKEIBp7R_wG2apAswJoCUZY7I.js]
[www.utoronto.ca/sites/default/files/js/js_s2EmjVoXlaI-MCISs8rZHnr72eyxDPmj3S6Yk_ihDI4.js]
